// Jest Snapshot v1, https://goo.gl/fbAQLP

exports[`Router instance methods getTestFileCallback: insecure 1`] = `
"<!doctype html>
<html>

  <head>
    <script type=\\"text/javascript\\" src=\\"http://foo/bundle/bar\\"></script>
  </head>

  <body>
    <p>Please open developer console</p>
  </body>

</html>"
`;

exports[`Router instance methods getTestFileCallback: secure 1`] = `
"<!doctype html>
<html>

  <head>
    <script type=\\"text/javascript\\" src=\\"https://foo/bundle/bar\\"></script>
  </head>

  <body>
    <p>Please open developer console</p>
  </body>

</html>"
`;

exports[`Router instance methods onError 1`] = `[Error: bar]`;

exports[`Router instance methods onError with message 1`] = `[Error: foo: bar]`;

exports[`Router instance methods onPipelineEmpty 1`] = `[Error: Could not load 1 or more of the resources in the payload from storage]`;

exports[`bundling multiple css feeds /bundle/:file 1`] = `
Object {
  "file": "6a8ca51fd7fea7dda6550d49255f36b09835d96a63655f26bf8b009d26bba08f.css",
  "uri": "/bundle/6a8ca51fd7fea7dda6550d49255f36b09835d96a63655f26bf8b009d26bba08f.css",
}
`;

exports[`bundling multiple css feeds /bundle/:file 2`] = `
"/* my-module-1/main.css */
h2: { color: green; }

/* my-module-2/main.css */
h1 { color:blue; }

"
`;

exports[`bundling multiple css feeds /bundle/css with multiple invalid bundle reference 1`] = `
Object {
  "file": "6a8ca51fd7fea7dda6550d49255f36b09835d96a63655f26bf8b009d26bba08f.css",
  "uri": "/bundle/6a8ca51fd7fea7dda6550d49255f36b09835d96a63655f26bf8b009d26bba08f.css",
}
`;

exports[`bundling multiple js feeds /bundle/:file 1`] = `
"(function e(t,n,r){function s(o,u){if(!n[o]){if(!t[o]){var a=typeof require==\\"function\\"&&require;if(!u&&a)return a(o,!0);if(i)return i(o,!0);var f=new Error(\\"Cannot find module '\\"+o+\\"'\\");throw f.code=\\"MODULE_NOT_FOUND\\",f}var l=n[o]={exports:{}};t[o][0].call(l.exports,function(e){var n=t[o][1][e];return s(n?n:e)},l,l.exports,e,t,n,r)}return n[o].exports}var i=typeof require==\\"function\\"&&require;for(var o=0;o<r.length;o++)s(r[o]);return s})({\\"c645cf572a8f5acf8716e4846b408d3b1ca45c58\\":[function(require,module,exports){
\\"use strict\\";module.exports.hello=function(){return\\"hello\\"};
},{}],\\"d645cf572a8f5srf8716e4846b408d3b1ca45c23\\":[function(require,module,exports){
\\"use strict\\";module.exports.world=function(){return\\"world\\"};
},{}]},{},[]);
"
`;

exports[`bundling multiple js feeds /bundle/:file 2`] = `
Object {
  "file": "1cd8a3c4418251f677b6cafb19e767feabd9a795ef3c42d459e3d0f978e30ce0.js",
  "uri": "/bundle/1cd8a3c4418251f677b6cafb19e767feabd9a795ef3c42d459e3d0f978e30ce0.js",
}
`;

exports[`bundling multiple js feeds /bundle/:file 3`] = `
"(function e(t,n,r){function s(o,u){if(!n[o]){if(!t[o]){var a=typeof require==\\"function\\"&&require;if(!u&&a)return a(o,!0);if(i)return i(o,!0);var f=new Error(\\"Cannot find module '\\"+o+\\"'\\");throw f.code=\\"MODULE_NOT_FOUND\\",f}var l=n[o]={exports:{}};t[o][0].call(l.exports,function(e){var n=t[o][1][e];return s(n?n:e)},l,l.exports,e,t,n,r)}return n[o].exports}var i=typeof require==\\"function\\"&&require;for(var o=0;o<r.length;o++)s(r[o]);return s})({\\"c645cf572a8f5acf8716e4846b408d3b1ca45c58\\":[function(require,module,exports){
\\"use strict\\";module.exports.hello=function(){return\\"hello\\"};
},{}],\\"d645cf572a8f5srf8716e4846b408d3b1ca45c23\\":[function(require,module,exports){
\\"use strict\\";module.exports.world=function(){return\\"world\\"};
},{}]},{},[]);
"
`;

exports[`bundling multiple js feeds /bundle/js with multiple invalid bundle reference 1`] = `
"(function e(t,n,r){function s(o,u){if(!n[o]){if(!t[o]){var a=typeof require==\\"function\\"&&require;if(!u&&a)return a(o,!0);if(i)return i(o,!0);var f=new Error(\\"Cannot find module '\\"+o+\\"'\\");throw f.code=\\"MODULE_NOT_FOUND\\",f}var l=n[o]={exports:{}};t[o][0].call(l.exports,function(e){var n=t[o][1][e];return s(n?n:e)},l,l.exports,e,t,n,r)}return n[o].exports}var i=typeof require==\\"function\\"&&require;for(var o=0;o<r.length;o++)s(r[o]);return s})({\\"c645cf572a8f5acf8716e4846b408d3b1ca45c58\\":[function(require,module,exports){
\\"use strict\\";module.exports.hello=function(){return\\"hello\\"};
},{}],\\"d645cf572a8f5srf8716e4846b408d3b1ca45c23\\":[function(require,module,exports){
\\"use strict\\";module.exports.world=function(){return\\"world\\"};
},{}]},{},[]);
"
`;

exports[`bundling multiple js feeds /bundle/js with multiple invalid bundle reference 2`] = `
Object {
  "file": "1cd8a3c4418251f677b6cafb19e767feabd9a795ef3c42d459e3d0f978e30ce0.js",
  "uri": "/bundle/1cd8a3c4418251f677b6cafb19e767feabd9a795ef3c42d459e3d0f978e30ce0.js",
}
`;

exports[`bundling single css feed /bundle/css 1`] = `
Object {
  "file": "a315716fc0894214caab02b0ded4ea4644806cf6d2dd1706ad22d3e97d6e70ba.css",
  "uri": "/bundle/a315716fc0894214caab02b0ded4ea4644806cf6d2dd1706ad22d3e97d6e70ba.css",
}
`;

exports[`bundling single js feed /bundle/js 1`] = `
Object {
  "file": "ecf93dbb50579f1f859cbcb901a184d9cdc75d6f6bca48d43aadf241c924e3bc.js",
  "uri": "/bundle/ecf93dbb50579f1f859cbcb901a184d9cdc75d6f6bca48d43aadf241c924e3bc.js",
}
`;

exports[`downloading feeds /feed/:file 1`] = `
Array [
  Object {
    "deps": Object {},
    "file": "./assets/js/bar.js",
    "id": "c645cf572a8f5acf8716e4846b408d3b1ca45c58",
    "source": "\\"use strict\\";module.exports.world=function(){return\\"world\\"};",
  },
]
`;
